###############################################################################
#
# IAR ELF Linker V9.30.1.335/W64 for ARM                  10/Apr/2023  10:35:44
# Copyright 2007-2022 IAR Systems AB.
#
#    Output file  =  D:\STM32F407_CAN\Final_Project\CAN3\EWARM\CAN\Exe\CAN.out
#    Map file     =  D:\STM32F407_CAN\Final_Project\CAN3\EWARM\CAN\List\CAN.map
#    Command line =
#        -f D:\STM32F407_CAN\Final_Project\CAN3\EWARM\CAN\Exe\CAN.out.rsp
#        (D:\STM32F407_CAN\Final_Project\CAN3\EWARM\CAN\Obj\Application\User\Core\main.o
#        D:\STM32F407_CAN\Final_Project\CAN3\EWARM\CAN\Obj\Application\EWARM\startup_stm32f407xx.o
#        D:\STM32F407_CAN\Final_Project\CAN3\EWARM\CAN\Obj\Drivers\STM32F4xx_HAL_Driver\stm32f4xx_hal.o
#        D:\STM32F407_CAN\Final_Project\CAN3\EWARM\CAN\Obj\Drivers\STM32F4xx_HAL_Driver\stm32f4xx_hal_can.o
#        D:\STM32F407_CAN\Final_Project\CAN3\EWARM\CAN\Obj\Drivers\STM32F4xx_HAL_Driver\stm32f4xx_hal_cortex.o
#        D:\STM32F407_CAN\Final_Project\CAN3\EWARM\CAN\Obj\Drivers\STM32F4xx_HAL_Driver\stm32f4xx_hal_dma.o
#        D:\STM32F407_CAN\Final_Project\CAN3\EWARM\CAN\Obj\Drivers\STM32F4xx_HAL_Driver\stm32f4xx_hal_dma_ex.o
#        D:\STM32F407_CAN\Final_Project\CAN3\EWARM\CAN\Obj\Drivers\STM32F4xx_HAL_Driver\stm32f4xx_hal_exti.o
#        D:\STM32F407_CAN\Final_Project\CAN3\EWARM\CAN\Obj\Drivers\STM32F4xx_HAL_Driver\stm32f4xx_hal_flash.o
#        D:\STM32F407_CAN\Final_Project\CAN3\EWARM\CAN\Obj\Drivers\STM32F4xx_HAL_Driver\stm32f4xx_hal_flash_ex.o
#        D:\STM32F407_CAN\Final_Project\CAN3\EWARM\CAN\Obj\Drivers\STM32F4xx_HAL_Driver\stm32f4xx_hal_flash_ramfunc.o
#        D:\STM32F407_CAN\Final_Project\CAN3\EWARM\CAN\Obj\Drivers\STM32F4xx_HAL_Driver\stm32f4xx_hal_gpio.o
#        D:\STM32F407_CAN\Final_Project\CAN3\EWARM\CAN\Obj\Application\User\Core\stm32f4xx_hal_msp.o
#        D:\STM32F407_CAN\Final_Project\CAN3\EWARM\CAN\Obj\Drivers\STM32F4xx_HAL_Driver\stm32f4xx_hal_pwr.o
#        D:\STM32F407_CAN\Final_Project\CAN3\EWARM\CAN\Obj\Drivers\STM32F4xx_HAL_Driver\stm32f4xx_hal_pwr_ex.o
#        D:\STM32F407_CAN\Final_Project\CAN3\EWARM\CAN\Obj\Drivers\STM32F4xx_HAL_Driver\stm32f4xx_hal_rcc.o
#        D:\STM32F407_CAN\Final_Project\CAN3\EWARM\CAN\Obj\Drivers\STM32F4xx_HAL_Driver\stm32f4xx_hal_rcc_ex.o
#        D:\STM32F407_CAN\Final_Project\CAN3\EWARM\CAN\Obj\Drivers\STM32F4xx_HAL_Driver\stm32f4xx_hal_tim.o
#        D:\STM32F407_CAN\Final_Project\CAN3\EWARM\CAN\Obj\Drivers\STM32F4xx_HAL_Driver\stm32f4xx_hal_tim_ex.o
#        D:\STM32F407_CAN\Final_Project\CAN3\EWARM\CAN\Obj\Drivers\STM32F4xx_HAL_Driver\stm32f4xx_hal_uart.o
#        D:\STM32F407_CAN\Final_Project\CAN3\EWARM\CAN\Obj\Application\User\Core\stm32f4xx_it.o
#        D:\STM32F407_CAN\Final_Project\CAN3\EWARM\CAN\Obj\Drivers\CMSIS\system_stm32f4xx.o
#        --no_out_extension -o
#        D:\STM32F407_CAN\Final_Project\CAN3\EWARM\CAN\Exe\CAN.out --redirect
#        _Printf=_PrintfFullNoMb --redirect _Scanf=_ScanfFullNoMb --map
#        D:\STM32F407_CAN\Final_Project\CAN3\EWARM\CAN\List\CAN.map --config
#        D:\STM32F407_CAN\Final_Project\CAN3\EWARM/stm32f407xx_flash.icf
#        --semihosting --entry __iar_program_start --vfe --text_out locale
#        --cpu=Cortex-M4 --fpu=VFPv4_sp)
#
###############################################################################

*******************************************************************************
*** RUNTIME MODEL ATTRIBUTES
***

CppFlavor       = *
__CPP_Runtime   = 1
__SystemLibrary = DLib
__dlib_version  = 6


*******************************************************************************
*** HEAP SELECTION
***

The basic heap was selected because --advanced_heap
was not specified and the application did not appear to
be primarily optimized for speed.


*******************************************************************************
*** PLACEMENT SUMMARY
***

"A0":  place at address 0x800'0000 { ro section .intvec };
"P1":  place in [from 0x800'0000 to 0x80f'ffff] { ro };
define block CSTACK with size = 1K, alignment = 8 { };
define block HEAP with size = 512, alignment = 8 { };
"P2":  place in [from 0x2000'0000 to 0x2001'ffff] {
          rw, block CSTACK, block HEAP };
initialize by copy { rw };

  Section            Kind         Address    Size  Object
  -------            ----         -------    ----  ------
"A0":                                       0x188
  .intvec            ro code   0x800'0000   0x188  startup_stm32f407xx.o [1]
                             - 0x800'0188   0x188

"P1":                                      0x21d8
  .text              ro code   0x800'0188   0x648  main.o [2]
  .text              ro code   0x800'07d0   0x630  stm32f4xx_hal_can.o [4]
  .text              ro code   0x800'0e00   0x608  stm32f4xx_hal_uart.o [4]
  .text              ro code   0x800'1408   0x220  stm32f4xx_hal_gpio.o [4]
  .text              ro code   0x800'1628    0x28  stm32f4xx_hal.o [4]
  .text              ro code   0x800'1650    0x34  stm32f4xx_hal.o [4]
  .text              ro code   0x800'1684    0xc4  stm32f4xx_hal_cortex.o [4]
  .text              ro code   0x800'1748    0x18  ABImemcpy_small.o [7]
  .text              ro code   0x800'1760    0x14  memset.o [7]
  .text              ro code   0x800'1774   0x320  stm32f4xx_hal_rcc.o [4]
  .text              ro code   0x800'1a94   0x14c  stm32f4xx_hal_rcc.o [4]
  .text              ro code   0x800'1be0   0x128  stm32f4xx_hal_msp.o [2]
  .text              ro code   0x800'1d08     0xc  stm32f4xx_hal.o [4]
  .text              ro code   0x800'1d14     0x2  stm32f4xx_hal_can.o [4]
  .text              ro code   0x800'1d16     0x2  stm32f4xx_hal_can.o [4]
  .text              ro code   0x800'1d18     0x2  stm32f4xx_hal_can.o [4]
  .text              ro code   0x800'1d1a     0x2  stm32f4xx_hal_can.o [4]
  .text              ro code   0x800'1d1c     0x2  stm32f4xx_hal_can.o [4]
  .text              ro code   0x800'1d1e     0x2  stm32f4xx_hal_can.o [4]
  .text              ro code   0x800'1d20     0x2  stm32f4xx_hal_can.o [4]
  .text              ro code   0x800'1d22     0x2  stm32f4xx_hal_can.o [4]
  .text              ro code   0x800'1d24     0x2  stm32f4xx_hal_can.o [4]
  .text              ro code   0x800'1d26     0x2  stm32f4xx_hal_can.o [4]
  .text              ro code   0x800'1d28     0x2  stm32f4xx_hal_can.o [4]
  .text              ro code   0x800'1d2a     0x2  stm32f4xx_hal_can.o [4]
  .text              ro code   0x800'1d2c    0xc2  stm32f4xx_hal_dma.o [4]
  .text              ro code   0x800'1dee     0x2  stm32f4xx_hal_uart.o [4]
  .text              ro code   0x800'1df0     0x2  stm32f4xx_hal_uart.o [4]
  .text              ro code   0x800'1df2     0x2  stm32f4xx_hal_uart.o [4]
  .text              ro code   0x800'1df4   0x106  I64DivMod_small.o [7]
  .text              ro code   0x800'1efa    0x3a  packbits_init_single.o [7]
  .text              ro code   0x800'1f34    0x40  stm32f4xx_hal.o [4]
  .text              ro code   0x800'1f74    0x66  ABImemset.o [7]
  .text              ro code   0x800'1fdc    0x60  stm32f4xx_hal_rcc.o [4]
  .text              ro code   0x800'203c     0x2  I64DivZer.o [7]
  .text              ro code   0x800'2040    0x34  stm32f4xx_it.o [2]
  .text              ro code   0x800'2074    0x10  stm32f4xx_hal.o [4]
  .text              ro code   0x800'2084    0x28  data_init.o [7]
  .text              ro code   0x800'20ac    0x22  fpinit_M.o [6]
  .iar.init_table    const     0x800'20d0    0x10  - Linker created -
  .text              ro code   0x800'20e0    0x20  system_stm32f4xx.o [3]
  .text              ro code   0x800'2100    0x1e  cmain.o [7]
  .text              ro code   0x800'211e     0x4  low_level_init.o [5]
  .text              ro code   0x800'2122     0x4  exit.o [5]
  .text              ro code   0x800'2128     0xa  cexit.o [7]
  .text              ro code   0x800'2134    0x14  exit.o [8]
  .text              ro code   0x800'2148    0x1c  cstartup_M.o [7]
  .text              ro code   0x800'2164    0x10  startup_stm32f407xx.o [1]
  .rodata            const     0x800'2174     0x8  system_stm32f4xx.o [3]
  .text              ro code   0x800'217c     0x4  startup_stm32f407xx.o [1]
  .text              ro code   0x800'2180     0x4  startup_stm32f407xx.o [1]
  .text              ro code   0x800'2184     0x4  startup_stm32f407xx.o [1]
  .text              ro code   0x800'2188     0x4  startup_stm32f407xx.o [1]
  .text              ro code   0x800'218c     0x4  startup_stm32f407xx.o [1]
  .text              ro code   0x800'2190     0x4  startup_stm32f407xx.o [1]
  .text              ro code   0x800'2194     0x4  startup_stm32f407xx.o [1]
  .text              ro code   0x800'2198     0x4  startup_stm32f407xx.o [1]
  .text              ro code   0x800'219c     0x4  startup_stm32f407xx.o [1]
  .text              ro code   0x800'21a0     0x4  startup_stm32f407xx.o [1]
  .text              ro code   0x800'21a4     0x4  startup_stm32f407xx.o [1]
  .text              ro code   0x800'21a8     0x4  startup_stm32f407xx.o [1]
  .text              ro code   0x800'21ac     0x4  startup_stm32f407xx.o [1]
  .text              ro code   0x800'21b0     0x4  startup_stm32f407xx.o [1]
  .text              ro code   0x800'21b4     0x4  startup_stm32f407xx.o [1]
  .text              ro code   0x800'21b8     0x4  startup_stm32f407xx.o [1]
  .text              ro code   0x800'21bc     0x4  startup_stm32f407xx.o [1]
  .text              ro code   0x800'21c0     0x4  startup_stm32f407xx.o [1]
  .text              ro code   0x800'21c4     0x4  startup_stm32f407xx.o [1]
  .text              ro code   0x800'21c8     0x4  startup_stm32f407xx.o [1]
  .text              ro code   0x800'21cc     0x4  startup_stm32f407xx.o [1]
  .text              ro code   0x800'21d0     0x4  startup_stm32f407xx.o [1]
  .text              ro code   0x800'21d4     0x4  startup_stm32f407xx.o [1]
  .text              ro code   0x800'21d8     0x4  startup_stm32f407xx.o [1]
  .text              ro code   0x800'21dc     0x4  startup_stm32f407xx.o [1]
  .text              ro code   0x800'21e0     0x4  startup_stm32f407xx.o [1]
  .text              ro code   0x800'21e4     0x4  startup_stm32f407xx.o [1]
  .text              ro code   0x800'21e8     0x4  startup_stm32f407xx.o [1]
  .text              ro code   0x800'21ec     0x4  startup_stm32f407xx.o [1]
  .text              ro code   0x800'21f0     0x4  startup_stm32f407xx.o [1]
  .text              ro code   0x800'21f4     0x4  startup_stm32f407xx.o [1]
  .text              ro code   0x800'21f8     0x4  startup_stm32f407xx.o [1]
  .text              ro code   0x800'21fc     0x4  startup_stm32f407xx.o [1]
  .text              ro code   0x800'2200     0x4  startup_stm32f407xx.o [1]
  .text              ro code   0x800'2204     0x4  startup_stm32f407xx.o [1]
  .text              ro code   0x800'2208     0x4  startup_stm32f407xx.o [1]
  .text              ro code   0x800'220c     0x4  startup_stm32f407xx.o [1]
  .text              ro code   0x800'2210     0x4  startup_stm32f407xx.o [1]
  .text              ro code   0x800'2214     0x4  startup_stm32f407xx.o [1]
  .text              ro code   0x800'2218     0x4  startup_stm32f407xx.o [1]
  .text              ro code   0x800'221c     0x4  startup_stm32f407xx.o [1]
  .text              ro code   0x800'2220     0x4  startup_stm32f407xx.o [1]
  .text              ro code   0x800'2224     0x4  startup_stm32f407xx.o [1]
  .text              ro code   0x800'2228     0x4  startup_stm32f407xx.o [1]
  .text              ro code   0x800'222c     0x4  startup_stm32f407xx.o [1]
  .text              ro code   0x800'2230     0x4  startup_stm32f407xx.o [1]
  .text              ro code   0x800'2234     0x4  startup_stm32f407xx.o [1]
  .text              ro code   0x800'2238     0x4  startup_stm32f407xx.o [1]
  .text              ro code   0x800'223c     0x4  startup_stm32f407xx.o [1]
  .text              ro code   0x800'2240     0x4  startup_stm32f407xx.o [1]
  .text              ro code   0x800'2244     0x4  startup_stm32f407xx.o [1]
  .text              ro code   0x800'2248     0x4  startup_stm32f407xx.o [1]
  .text              ro code   0x800'224c     0x4  startup_stm32f407xx.o [1]
  .text              ro code   0x800'2250     0x4  startup_stm32f407xx.o [1]
  .text              ro code   0x800'2254     0x4  startup_stm32f407xx.o [1]
  .text              ro code   0x800'2258     0x4  startup_stm32f407xx.o [1]
  .text              ro code   0x800'225c     0x4  startup_stm32f407xx.o [1]
  .text              ro code   0x800'2260     0x4  startup_stm32f407xx.o [1]
  .text              ro code   0x800'2264     0x4  startup_stm32f407xx.o [1]
  .text              ro code   0x800'2268     0x4  startup_stm32f407xx.o [1]
  .text              ro code   0x800'226c     0x4  startup_stm32f407xx.o [1]
  .text              ro code   0x800'2270     0x4  startup_stm32f407xx.o [1]
  .text              ro code   0x800'2274     0x4  startup_stm32f407xx.o [1]
  .text              ro code   0x800'2278     0x4  startup_stm32f407xx.o [1]
  .text              ro code   0x800'227c     0x4  startup_stm32f407xx.o [1]
  .text              ro code   0x800'2280     0x4  startup_stm32f407xx.o [1]
  .text              ro code   0x800'2284     0x4  startup_stm32f407xx.o [1]
  .text              ro code   0x800'2288     0x4  startup_stm32f407xx.o [1]
  .text              ro code   0x800'228c     0x4  startup_stm32f407xx.o [1]
  .text              ro code   0x800'2290     0x4  startup_stm32f407xx.o [1]
  .text              ro code   0x800'2294     0x4  startup_stm32f407xx.o [1]
  .text              ro code   0x800'2298     0x4  startup_stm32f407xx.o [1]
  .text              ro code   0x800'229c     0x4  startup_stm32f407xx.o [1]
  .text              ro code   0x800'22a0     0x4  startup_stm32f407xx.o [1]
  .text              ro code   0x800'22a4     0x4  startup_stm32f407xx.o [1]
  .text              ro code   0x800'22a8     0x4  startup_stm32f407xx.o [1]
  .text              ro code   0x800'22ac     0x4  startup_stm32f407xx.o [1]
  .rodata            const     0x800'22b0     0x0  packbits_init_single.o [7]
  Initializer bytes  const     0x800'22b0    0xb0  <for P2-1>
                             - 0x800'2360  0x21d8

"P2", part 1 of 2:                          0x2fc
  P2-1                        0x2000'0000   0x2fc  <Init block>
    .data            inited   0x2000'0000   0x2c4  main.o [2]
    .data            inited   0x2000'02c4     0xc  stm32f4xx_hal.o [4]
    .data            inited   0x2000'02d0     0x4  system_stm32f4xx.o [3]
    .bss             inited   0x2000'02d4    0x28  main.o [2]
                            - 0x2000'02fc   0x2fc

"P2", part 2 of 2:                          0x400
  CSTACK                      0x2000'0300   0x400  <Block>
    CSTACK           uninit   0x2000'0300   0x400  <Block tail>
                            - 0x2000'0700   0x400

Unused ranges:

         From           To      Size
         ----           --      ----
   0x800'2360   0x80f'ffff  0xf'dca0
  0x2000'02fc  0x2000'02ff       0x4
  0x2000'0700  0x2001'ffff  0x1'f900


*******************************************************************************
*** INIT TABLE
***

          Address      Size
          -------      ----
Copy/packbits (__iar_packbits_init_single3)
    1 source range, total size 0xb0 (23% of destination):
           0x800'22b0   0xb0
    1 destination range, total size 0x2fc:
          0x2000'0000  0x2fc



*******************************************************************************
*** MODULE SUMMARY
***

    Module                  ro code  ro data  rw data
    ------                  -------  -------  -------
command line/config:
    -------------------------------------------------
    Total:

D:\STM32F407_CAN\Final_Project\CAN3\EWARM\CAN\Obj\Application\EWARM: [1]
    startup_stm32f407xx.o       716
    -------------------------------------------------
    Total:                      716

D:\STM32F407_CAN\Final_Project\CAN3\EWARM\CAN\Obj\Application\User\Core: [2]
    main.o                    1'608      173      748
    stm32f4xx_hal_msp.o         296
    stm32f4xx_it.o               52
    -------------------------------------------------
    Total:                    1'956      173      748

D:\STM32F407_CAN\Final_Project\CAN3\EWARM\CAN\Obj\Drivers\CMSIS: [3]
    system_stm32f4xx.o           32        9        4
    -------------------------------------------------
    Total:                       32        9        4

D:\STM32F407_CAN\Final_Project\CAN3\EWARM\CAN\Obj\Drivers\STM32F4xx_HAL_Driver: [4]
    stm32f4xx_hal.o             184        2       12
    stm32f4xx_hal_can.o       1'608
    stm32f4xx_hal_cortex.o      196
    stm32f4xx_hal_dma.o         194
    stm32f4xx_hal_gpio.o        544
    stm32f4xx_hal_rcc.o       1'228
    stm32f4xx_hal_uart.o      1'550
    -------------------------------------------------
    Total:                    5'504        2       12

dl7M_tln.a: [5]
    exit.o                        4
    low_level_init.o              4
    -------------------------------------------------
    Total:                        8

m7M_tls.a: [6]
    fpinit_M.o                   34
    -------------------------------------------------
    Total:                       34

rt7M_tl.a: [7]
    ABImemcpy_small.o            24
    ABImemset.o                 102
    I64DivMod_small.o           262
    I64DivZer.o                   2
    cexit.o                      10
    cmain.o                      30
    cstartup_M.o                 28
    data_init.o                  40
    memset.o                     20
    packbits_init_single.o       58
    -------------------------------------------------
    Total:                      576

shb_l.a: [8]
    exit.o                       20
    -------------------------------------------------
    Total:                       20

    Gaps                          8        2
    Linker created                        16    1'024
-----------------------------------------------------
    Grand Total:              8'854      202    1'788


*******************************************************************************
*** ENTRY LIST
***

Entry                       Address   Size  Type      Object
-----                       -------   ----  ----      ------
.iar.init_table$$Base    0x800'20d0          --   Gb  - Linker created -
.iar.init_table$$Limit   0x800'20e0          --   Gb  - Linker created -
?main                    0x800'2101         Code  Gb  cmain.o [7]
ADC_IRQHandler           0x800'21c1         Code  Wk  startup_stm32f407xx.o [1]
AHBPrescTable            0x800'20f0   0x10  Data  Gb  system_stm32f4xx.o [3]
APBPrescTable            0x800'2174    0x8  Data  Gb  system_stm32f4xx.o [3]
ActiveLed                0x800'02b5   0x8e  Code  Gb  main.o [2]
BusFault_Handler         0x800'2047    0x2  Code  Gb  stm32f4xx_it.o [2]
CAN1_RX0_IRQHandler      0x800'205d    0x2  Code  Gb  stm32f4xx_it.o [2]
CAN1_RX1_IRQHandler      0x800'21c5         Code  Wk  startup_stm32f407xx.o [1]
CAN1_SCE_IRQHandler      0x800'21c9         Code  Wk  startup_stm32f407xx.o [1]
CAN1_TX_IRQHandler       0x800'205b    0x2  Code  Gb  stm32f4xx_it.o [2]
CAN2_RX0_IRQHandler      0x800'226d         Code  Wk  startup_stm32f407xx.o [1]
CAN2_RX1_IRQHandler      0x800'2271         Code  Wk  startup_stm32f407xx.o [1]
CAN2_SCE_IRQHandler      0x800'2275         Code  Wk  startup_stm32f407xx.o [1]
CAN2_TX_IRQHandler       0x800'2269         Code  Wk  startup_stm32f407xx.o [1]
CSTACK$$Base            0x2000'0300          --   Gb  - Linker created -
CSTACK$$Limit           0x2000'0700          --   Gb  - Linker created -
DCMI_IRQHandler          0x800'22a5         Code  Wk  startup_stm32f407xx.o [1]
DMA1_Stream0_IRQHandler
                         0x800'21a5         Code  Wk  startup_stm32f407xx.o [1]
DMA1_Stream1_IRQHandler
                         0x800'21a9         Code  Wk  startup_stm32f407xx.o [1]
DMA1_Stream2_IRQHandler
                         0x800'21ad         Code  Wk  startup_stm32f407xx.o [1]
DMA1_Stream3_IRQHandler
                         0x800'21b1         Code  Wk  startup_stm32f407xx.o [1]
DMA1_Stream4_IRQHandler
                         0x800'21b5         Code  Wk  startup_stm32f407xx.o [1]
DMA1_Stream5_IRQHandler
                         0x800'21b9         Code  Wk  startup_stm32f407xx.o [1]
DMA1_Stream6_IRQHandler
                         0x800'21bd         Code  Wk  startup_stm32f407xx.o [1]
DMA1_Stream7_IRQHandler
                         0x800'2229         Code  Wk  startup_stm32f407xx.o [1]
DMA2_Stream0_IRQHandler
                         0x800'224d         Code  Wk  startup_stm32f407xx.o [1]
DMA2_Stream1_IRQHandler
                         0x800'2251         Code  Wk  startup_stm32f407xx.o [1]
DMA2_Stream2_IRQHandler
                         0x800'2255         Code  Wk  startup_stm32f407xx.o [1]
DMA2_Stream3_IRQHandler
                         0x800'2259         Code  Wk  startup_stm32f407xx.o [1]
DMA2_Stream4_IRQHandler
                         0x800'225d         Code  Wk  startup_stm32f407xx.o [1]
DMA2_Stream5_IRQHandler
                         0x800'227d         Code  Wk  startup_stm32f407xx.o [1]
DMA2_Stream6_IRQHandler
                         0x800'2281         Code  Wk  startup_stm32f407xx.o [1]
DMA2_Stream7_IRQHandler
                         0x800'2285         Code  Wk  startup_stm32f407xx.o [1]
DebugMon_Handler         0x800'204d    0x2  Code  Gb  stm32f4xx_it.o [2]
ETH_IRQHandler           0x800'2261         Code  Wk  startup_stm32f407xx.o [1]
ETH_WKUP_IRQHandler      0x800'2265         Code  Wk  startup_stm32f407xx.o [1]
EXTI0_IRQHandler         0x800'2055    0x6  Code  Gb  stm32f4xx_it.o [2]
EXTI15_10_IRQHandler     0x800'220d         Code  Wk  startup_stm32f407xx.o [1]
EXTI1_IRQHandler         0x800'2195         Code  Wk  startup_stm32f407xx.o [1]
EXTI2_IRQHandler         0x800'2199         Code  Wk  startup_stm32f407xx.o [1]
EXTI3_IRQHandler         0x800'219d         Code  Wk  startup_stm32f407xx.o [1]
EXTI4_IRQHandler         0x800'21a1         Code  Wk  startup_stm32f407xx.o [1]
EXTI9_5_IRQHandler       0x800'21cd         Code  Wk  startup_stm32f407xx.o [1]
Error_Handler            0x800'06fb    0x4  Code  Gb  main.o [2]
FLASH_IRQHandler         0x800'218d         Code  Wk  startup_stm32f407xx.o [1]
FPU_IRQHandler           0x800'22ad         Code  Wk  startup_stm32f407xx.o [1]
FSMC_IRQHandler          0x800'222d         Code  Wk  startup_stm32f407xx.o [1]
HAL_CAN_ActivateNotification
                         0x800'0beb   0x16  Code  Gb  stm32f4xx_hal_can.o [4]
HAL_CAN_AddTxMessage     0x800'0a1d   0xc4  Code  Gb  stm32f4xx_hal_can.o [4]
HAL_CAN_ConfigFilter     0x800'08c9   0xc0  Code  Gb  stm32f4xx_hal_can.o [4]
HAL_CAN_ErrorCallback    0x800'1d2b    0x2  Code  Wk  stm32f4xx_hal_can.o [4]
HAL_CAN_GetRxMessage     0x800'0af3   0xe4  Code  Gb  stm32f4xx_hal_can.o [4]
HAL_CAN_IRQHandler       0x800'0c07  0x1fa  Code  Gb  stm32f4xx_hal_can.o [4]
HAL_CAN_Init             0x800'07d1   0xe6  Code  Gb  stm32f4xx_hal_can.o [4]
HAL_CAN_MspInit          0x800'1c15   0x5c  Code  Gb  stm32f4xx_hal_msp.o [2]
HAL_CAN_RxFifo0FullCallback
                         0x800'1d21    0x2  Code  Wk  stm32f4xx_hal_can.o [4]
HAL_CAN_RxFifo0MsgPendingCallback
                         0x800'0189   0x1c  Code  Gb  main.o [2]
HAL_CAN_RxFifo1FullCallback
                         0x800'1d23    0x2  Code  Wk  stm32f4xx_hal_can.o [4]
HAL_CAN_RxFifo1MsgPendingCallback
                         0x800'1d25    0x2  Code  Wk  stm32f4xx_hal_can.o [4]
HAL_CAN_SleepCallback    0x800'1d27    0x2  Code  Wk  stm32f4xx_hal_can.o [4]
HAL_CAN_Start            0x800'099b   0x4c  Code  Gb  stm32f4xx_hal_can.o [4]
HAL_CAN_TxMailbox0AbortCallback
                         0x800'1d17    0x2  Code  Wk  stm32f4xx_hal_can.o [4]
HAL_CAN_TxMailbox0CompleteCallback
                         0x800'1d15    0x2  Code  Wk  stm32f4xx_hal_can.o [4]
HAL_CAN_TxMailbox1AbortCallback
                         0x800'1d1b    0x2  Code  Wk  stm32f4xx_hal_can.o [4]
HAL_CAN_TxMailbox1CompleteCallback
                         0x800'1d19    0x2  Code  Wk  stm32f4xx_hal_can.o [4]
HAL_CAN_TxMailbox2AbortCallback
                         0x800'1d1f    0x2  Code  Wk  stm32f4xx_hal_can.o [4]
HAL_CAN_TxMailbox2CompleteCallback
                         0x800'1d1d    0x2  Code  Wk  stm32f4xx_hal_can.o [4]
HAL_CAN_WakeUpFromRxMsgCallback
                         0x800'1d29    0x2  Code  Wk  stm32f4xx_hal_can.o [4]
HAL_DMA_Abort            0x800'1d2d   0x78  Code  Gb  stm32f4xx_hal_dma.o [4]
HAL_DMA_Abort_IT         0x800'1da5   0x24  Code  Gb  stm32f4xx_hal_dma.o [4]
HAL_Delay                0x800'1629   0x28  Code  Wk  stm32f4xx_hal.o [4]
HAL_GPIO_EXTI_Callback   0x800'01a5   0x38  Code  Gb  main.o [2]
HAL_GPIO_EXTI_IRQHandler
                         0x800'15e7   0x12  Code  Gb  stm32f4xx_hal_gpio.o [4]
HAL_GPIO_Init            0x800'1409  0x1d6  Code  Gb  stm32f4xx_hal_gpio.o [4]
HAL_GPIO_WritePin        0x800'15df    0x8  Code  Gb  stm32f4xx_hal_gpio.o [4]
HAL_GetTick              0x800'1d09    0xc  Code  Wk  stm32f4xx_hal.o [4]
HAL_IncTick              0x800'2075   0x10  Code  Wk  stm32f4xx_hal.o [4]
HAL_Init                 0x800'1651   0x30  Code  Gb  stm32f4xx_hal.o [4]
HAL_InitTick             0x800'1f35   0x40  Code  Wk  stm32f4xx_hal.o [4]
HAL_MspInit              0x800'1be1   0x34  Code  Gb  stm32f4xx_hal_msp.o [2]
HAL_NVIC_EnableIRQ       0x800'16f3   0x16  Code  Gb  stm32f4xx_hal_cortex.o [4]
HAL_NVIC_SetPriority     0x800'16b9   0x3a  Code  Gb  stm32f4xx_hal_cortex.o [4]
HAL_NVIC_SetPriorityGrouping
                         0x800'169f   0x1a  Code  Gb  stm32f4xx_hal_cortex.o [4]
HAL_RCC_ClockConfig      0x800'1a95  0x100  Code  Gb  stm32f4xx_hal_rcc.o [4]
HAL_RCC_GetPCLK1Freq     0x800'1ba1   0x10  Code  Gb  stm32f4xx_hal_rcc.o [4]
HAL_RCC_GetPCLK2Freq     0x800'1bb1    0xe  Code  Gb  stm32f4xx_hal_rcc.o [4]
HAL_RCC_GetSysClockFreq
                         0x800'1fdd   0x60  Code  Wk  stm32f4xx_hal_rcc.o [4]
HAL_RCC_OscConfig        0x800'1775  0x320  Code  Wk  stm32f4xx_hal_rcc.o [4]
HAL_SYSTICK_Config       0x800'1709   0x22  Code  Gb  stm32f4xx_hal_cortex.o [4]
HAL_UARTEx_RxEventCallback
                         0x800'1df1    0x2  Code  Wk  stm32f4xx_hal_uart.o [4]
HAL_UART_ErrorCallback   0x800'1def    0x2  Code  Wk  stm32f4xx_hal_uart.o [4]
HAL_UART_IRQHandler      0x800'0f11  0x286  Code  Gb  stm32f4xx_hal_uart.o [4]
HAL_UART_Init            0x800'0e01   0x1e  Code  Gb  stm32f4xx_hal_uart.o [4]
HAL_UART_MspInit         0x800'1c71   0x4a  Code  Gb  stm32f4xx_hal_msp.o [2]
HAL_UART_Receive_IT      0x800'0ebd   0x30  Code  Gb  stm32f4xx_hal_uart.o [4]
HAL_UART_RxCpltCallback
                         0x800'01dd   0x6e  Code  Gb  main.o [2]
HAL_UART_Transmit_IT     0x800'0e7b   0x42  Code  Gb  stm32f4xx_hal_uart.o [4]
HAL_UART_TxCpltCallback
                         0x800'1df3    0x2  Code  Wk  stm32f4xx_hal_uart.o [4]
HASH_RNG_IRQHandler      0x800'22a9         Code  Wk  startup_stm32f407xx.o [1]
HardFault_Handler        0x800'2043    0x2  Code  Gb  stm32f4xx_it.o [2]
I2C1_ER_IRQHandler       0x800'21f1         Code  Wk  startup_stm32f407xx.o [1]
I2C1_EV_IRQHandler       0x800'21ed         Code  Wk  startup_stm32f407xx.o [1]
I2C2_ER_IRQHandler       0x800'21f9         Code  Wk  startup_stm32f407xx.o [1]
I2C2_EV_IRQHandler       0x800'21f5         Code  Wk  startup_stm32f407xx.o [1]
I2C3_ER_IRQHandler       0x800'2291         Code  Wk  startup_stm32f407xx.o [1]
I2C3_EV_IRQHandler       0x800'228d         Code  Wk  startup_stm32f407xx.o [1]
MemManage_Handler        0x800'2045    0x2  Code  Gb  stm32f4xx_it.o [2]
NMI_Handler              0x800'2041    0x2  Code  Gb  stm32f4xx_it.o [2]
NotifyLed                0x800'0257   0x5e  Code  Gb  main.o [2]
OTG_FS_IRQHandler        0x800'2279         Code  Wk  startup_stm32f407xx.o [1]
OTG_FS_WKUP_IRQHandler   0x800'2215         Code  Wk  startup_stm32f407xx.o [1]
OTG_HS_EP1_IN_IRQHandler
                         0x800'2299         Code  Wk  startup_stm32f407xx.o [1]
OTG_HS_EP1_OUT_IRQHandler
                         0x800'2295         Code  Wk  startup_stm32f407xx.o [1]
OTG_HS_IRQHandler        0x800'22a1         Code  Wk  startup_stm32f407xx.o [1]
OTG_HS_WKUP_IRQHandler   0x800'229d         Code  Wk  startup_stm32f407xx.o [1]
PVD_IRQHandler           0x800'2181         Code  Wk  startup_stm32f407xx.o [1]
PendSV_Handler           0x800'204f    0x2  Code  Gb  stm32f4xx_it.o [2]
RCC_IRQHandler           0x800'2191         Code  Wk  startup_stm32f407xx.o [1]
RTC_Alarm_IRQHandler     0x800'2211         Code  Wk  startup_stm32f407xx.o [1]
RTC_WKUP_IRQHandler      0x800'2189         Code  Wk  startup_stm32f407xx.o [1]
Region$$Table$$Base      0x800'20d0          --   Gb  - Linker created -
Region$$Table$$Limit     0x800'20e0          --   Gb  - Linker created -
Reset_Handler            0x800'2165         Code  Wk  startup_stm32f407xx.o [1]
RxData                  0x2000'0000    0x8  Data  Gb  main.o [2]
RxHeader                0x2000'0078   0x1c  Data  Gb  main.o [2]
SDIO_IRQHandler          0x800'2231         Code  Wk  startup_stm32f407xx.o [1]
SPI1_IRQHandler          0x800'21fd         Code  Wk  startup_stm32f407xx.o [1]
SPI2_IRQHandler          0x800'2201         Code  Wk  startup_stm32f407xx.o [1]
SPI3_IRQHandler          0x800'2239         Code  Wk  startup_stm32f407xx.o [1]
SVC_Handler              0x800'204b    0x2  Code  Gb  stm32f4xx_it.o [2]
SysTick_Handler          0x800'2051    0x4  Code  Gb  stm32f4xx_it.o [2]
SystemClock_Config       0x800'0631   0x9c  Code  Gb  main.o [2]
SystemCoreClock         0x2000'02d0    0x4  Data  Gb  system_stm32f4xx.o [3]
SystemInit               0x800'20e1    0xc  Code  Gb  system_stm32f4xx.o [3]
TAMP_STAMP_IRQHandler    0x800'2185         Code  Wk  startup_stm32f407xx.o [1]
TIM1_BRK_TIM9_IRQHandler
                         0x800'21d1         Code  Wk  startup_stm32f407xx.o [1]
TIM1_CC_IRQHandler       0x800'21dd         Code  Wk  startup_stm32f407xx.o [1]
TIM1_TRG_COM_TIM11_IRQHandler
                         0x800'21d9         Code  Wk  startup_stm32f407xx.o [1]
TIM1_UP_TIM10_IRQHandler
                         0x800'21d5         Code  Wk  startup_stm32f407xx.o [1]
TIM2_IRQHandler          0x800'21e1         Code  Wk  startup_stm32f407xx.o [1]
TIM3_IRQHandler          0x800'21e5         Code  Wk  startup_stm32f407xx.o [1]
TIM4_IRQHandler          0x800'21e9         Code  Wk  startup_stm32f407xx.o [1]
TIM5_IRQHandler          0x800'2235         Code  Wk  startup_stm32f407xx.o [1]
TIM6_DAC_IRQHandler      0x800'2245         Code  Wk  startup_stm32f407xx.o [1]
TIM7_IRQHandler          0x800'2249         Code  Wk  startup_stm32f407xx.o [1]
TIM8_BRK_TIM12_IRQHandler
                         0x800'2219         Code  Wk  startup_stm32f407xx.o [1]
TIM8_CC_IRQHandler       0x800'2225         Code  Wk  startup_stm32f407xx.o [1]
TIM8_TRG_COM_TIM14_IRQHandler
                         0x800'2221         Code  Wk  startup_stm32f407xx.o [1]
TIM8_UP_TIM13_IRQHandler
                         0x800'221d         Code  Wk  startup_stm32f407xx.o [1]
TxData                  0x2000'0010    0x8  Data  Gb  main.o [2]
TxHeader                0x2000'0060   0x18  Data  Gb  main.o [2]
TxMailbox               0x2000'0094    0x4  Data  Gb  main.o [2]
UART4_IRQHandler         0x800'223d         Code  Wk  startup_stm32f407xx.o [1]
UART5_IRQHandler         0x800'2241         Code  Wk  startup_stm32f407xx.o [1]
UART_DMAAbortOnError     0x800'1259    0xe  Code  Lc  stm32f4xx_hal_uart.o [4]
UART_EndRxTransfer       0x800'1211   0x2a  Code  Lc  stm32f4xx_hal_uart.o [4]
UART_Receive_IT          0x800'1269   0xac  Code  Lc  stm32f4xx_hal_uart.o [4]
UART_SetConfig           0x800'133f   0xb0  Code  Lc  stm32f4xx_hal_uart.o [4]
UART_Start_Receive_IT    0x800'11bf   0x3a  Code  Gb  stm32f4xx_hal_uart.o [4]
USART1_IRQHandler        0x800'2065    0x6  Code  Gb  stm32f4xx_it.o [2]
USART2_IRQHandler        0x800'2205         Code  Wk  startup_stm32f407xx.o [1]
USART3_IRQHandler        0x800'2209         Code  Wk  startup_stm32f407xx.o [1]
USART6_IRQHandler        0x800'2289         Code  Wk  startup_stm32f407xx.o [1]
UsageFault_Handler       0x800'2049    0x2  Code  Gb  stm32f4xx_it.o [2]
WWDG_IRQHandler          0x800'217d         Code  Wk  startup_stm32f407xx.o [1]
__NVIC_SetPriority       0x800'1685   0x1a  Code  Lc  stm32f4xx_hal_cortex.o [4]
__aeabi_ldiv0            0x800'203d         Code  Gb  I64DivZer.o [7]
__aeabi_memset           0x800'1f75         Code  Gb  ABImemset.o [7]
__cmain                  0x800'2101         Code  Gb  cmain.o [7]
__exit                   0x800'2135   0x14  Code  Gb  exit.o [8]
__iar_Memset             0x800'1f75         Code  Gb  ABImemset.o [7]
__iar_Memset_word        0x800'1f7d         Code  Gb  ABImemset.o [7]
__iar_data_init3         0x800'2085   0x28  Code  Gb  data_init.o [7]
__iar_init_vfp           0x800'20ad         Code  Gb  fpinit_M.o [6]
__iar_packbits_init_single3
                         0x800'1efb   0x3a  Code  Gb  packbits_init_single.o [7]
__iar_program_start      0x800'2149         Code  Gb  cstartup_M.o [7]
__iar_small_Memcpy       0x800'174d         Code  Gb  ABImemcpy_small.o [7]
__iar_small_memcpy       0x800'1749         Code  Gb  ABImemcpy_small.o [7]
__iar_small_memcpy4      0x800'1749         Code  Gb  ABImemcpy_small.o [7]
__iar_small_memcpy8      0x800'1749         Code  Gb  ABImemcpy_small.o [7]
__iar_small_uldivmod     0x800'1df5         Code  Gb  I64DivMod_small.o [7]
__low_level_init         0x800'211f    0x4  Code  Gb  low_level_init.o [5]
__vector_table           0x800'0000         Data  Gb  startup_stm32f407xx.o [1]
_call_main               0x800'210d         Code  Gb  cmain.o [7]
_exit                    0x800'2129         Code  Gb  cexit.o [7]
check                   0x2000'0008    0x8  Data  Gb  main.o [2]
choose12                0x2000'0160   0x10  Data  Gb  main.o [2]
choose13                0x2000'0170   0x10  Data  Gb  main.o [2]
exit                     0x800'2123    0x4  Code  Gb  exit.o [5]
flag                    0x2000'0018    0x1  Data  Gb  main.o [2]
flag_display            0x2000'0019    0x1  Data  Gb  main.o [2]
hcan1                   0x2000'02d4   0x28  Data  Gb  main.o [2]
huart1                  0x2000'001c   0x44  Data  Gb  main.o [2]
main                     0x800'0359  0x2be  Code  Gb  main.o [2]
memset                   0x800'1761   0x14  Code  Gb  memset.o [7]
message1                0x2000'0198   0x64  Data  Gb  main.o [2]
message2                0x2000'01fc   0x64  Data  Gb  main.o [2]
message3                0x2000'0098   0x64  Data  Gb  main.o [2]
message4                0x2000'0260   0x64  Data  Gb  main.o [2]
message_request         0x2000'00fc   0x64  Data  Gb  main.o [2]
turnoff                 0x2000'018c    0xc  Data  Gb  main.o [2]
turnon                  0x2000'0180    0xc  Data  Gb  main.o [2]
uwTick                  0x2000'02c8    0x4  Data  Gb  stm32f4xx_hal.o [4]
uwTickFreq              0x2000'02c4    0x1  Data  Gb  stm32f4xx_hal.o [4]
uwTickPrio              0x2000'02cc    0x4  Data  Gb  stm32f4xx_hal.o [4]


[1] = D:\STM32F407_CAN\Final_Project\CAN3\EWARM\CAN\Obj\Application\EWARM
[2] = D:\STM32F407_CAN\Final_Project\CAN3\EWARM\CAN\Obj\Application\User\Core
[3] = D:\STM32F407_CAN\Final_Project\CAN3\EWARM\CAN\Obj\Drivers\CMSIS
[4] = D:\STM32F407_CAN\Final_Project\CAN3\EWARM\CAN\Obj\Drivers\STM32F4xx_HAL_Driver
[5] = dl7M_tln.a
[6] = m7M_tls.a
[7] = rt7M_tl.a
[8] = shb_l.a

  8'854 bytes of readonly  code memory
    202 bytes of readonly  data memory
  1'788 bytes of readwrite data memory

Errors: none
Warnings: none
